{
    "first test": {
        "content": [
            [
                "foo.txt"
            ]
        ],
        "meta": {
            "nf-test": "0.9.2",
            "nextflow": "25.04.6"
        },
        "timestamp": "2025-09-25T01:16:12.785722811"
    }
}
