{
    "getAllFilesFromDir with named params": {
        "content": [
            [
                "pipeline_info",
                "stable",
                "stable_content.txt",
                "stable_name.txt"
            ],
            [
                "stable_content.txt",
                "stable_name.txt"
            ],
            [
                "stable_content.txt:md5,f6d73f703cda1c725ea78369a6c3a48d"
            ]
        ],
        "meta": {
            "nf-test": "0.9.0",
            "nextflow": "24.09.0"
        },
        "timestamp": "2024-10-07T16:53:04.994417"
    },
    "getAllFilesFromDir": {
        "content": [
            [
                "pipeline_info",
                "stable",
                "stable_content.txt",
                "stable_name.txt"
            ],
            [
                "stable_content.txt",
                "stable_name.txt"
            ],
            [
                "stable_content.txt:md5,f6d73f703cda1c725ea78369a6c3a48d"
            ]
        ],
        "meta": {
            "nf-test": "0.9.0",
            "nextflow": "24.09.0"
        },
        "timestamp": "2024-10-07T16:53:01.146706"
    }
}
